(python-lessons) ~/Src/python-lessons/lesson-2[master]$ ls
README.md      hello_world.py lesson.md      pycharm.jpg
date.py        homework       lesson.pdf     python.png
(python-lessons) ~/Src/python-lessons/lesson-2[master]$ ls -1
README.md
date.py
hello_world.py
homework
lesson.md
lesson.pdf
pycharm.jpg
python.png
(python-lessons) ~/Src/python-lessons/lesson-2[master]$ python date.py
(python-lessons) ~/Src/python-lessons/lesson-2[master]$ python date.py
Traceback (most recent call last):
  File "date.py", line 48, in <module>
    d2 = Date(50, 1, 12)
  File "date.py", line 35, in __init__
    raise ValueError("Incorrect day")
ValueError: Incorrect day
(python-lessons) ~/Src/python-lessons/lesson-2[master]$ python date.py
(python-lessons) ~/Src/python-lessons/lesson-2[master]$ python date.py
Traceback (most recent call last):
  File "date.py", line 21, in <module>
    class Date:
  File "date.py", line 47, in Date
    d1 = Date(1, 1, 12)
NameError: name 'Date' is not defined
(python-lessons) ~/Src/python-lessons/lesson-2[master]$ python date.py
I
(python-lessons) ~/Src/python-lessons/lesson-2[master]$ python date.py
I
(python-lessons) ~/Src/python-lessons/lesson-2[master]$ python
Python 3.6.4 (default, Dec 21 2017, 20:33:21)
[GCC 4.2.1 Compatible Apple LLVM 9.0.0 (clang-900.0.38)] on darwin
Type "help", "copyright", "credits" or "license" for more information.
>>> import date
I
>>> date.MONTHS_LENGTH
{1: 31, 2: 28, 3: 31, 4: 30, 5: 31}
>>> date
<module 'date' from '/Users/wronglink/Src/python-lessons/lesson-2/date.py'>
>>> date.Date
<class 'date.Date'>
>>> date.Date(45, 1, 1)
Traceback (most recent call last):
  File "<stdin>", line 1, in <module>
  File "/Users/wronglink/Src/python-lessons/lesson-2/date.py", line 35, in __init__
    raise ValueError("Incorrect day")
ValueError: Incorrect day
>>> date.Date(1, 1, 1)
<date.Date object at 0x1085f2b00>
>>> d1 = date.Date(1, 1, 1)
>>> d1
<date.Date object at 0x1085f2ac8>
>>> d1.is_ac()
True
>>> d1.get_rome_month()
'I'
>>> d1.month = 3
>>> d1.get_rome_month()
'III'
>>> import date
>>> exit()
(python-lessons) ~/Src/python-lessons/lesson-2[master]$ python
Python 3.6.4 (default, Dec 21 2017, 20:33:21)
[GCC 4.2.1 Compatible Apple LLVM 9.0.0 (clang-900.0.38)] on darwin
Type "help", "copyright", "credits" or "license" for more information.
>>> import date
I
>>> date.user_format()
Traceback (most recent call last):
  File "<stdin>", line 1, in <module>
AttributeError: module 'date' has no attribute 'user_format'
>>> date.d1.user_format()
'1 jan 12 AC'
>>> import datetime
>>> datetime.datetime.now()
datetime.datetime(2018, 6, 23, 14, 9, 0, 594199)
>>> datetime.date.today()
datetime.date(2018, 6, 23)
>>> d1 = datetime.date(2001, 13, 12)
Traceback (most recent call last):
  File "<stdin>", line 1, in <module>
ValueError: month must be in 1..12
>>> d1 = datetime.date(2001, 12, 12)
>>> d1
datetime.date(2001, 12, 12)
>>> d1.year
2001
>>> d1.month
12
>>> d1.day
12
>>> d2 = datetime.date(2002, 12, 12)
>>> d2 - d1
datetime.timedelta(365)
>>> td = d2 - d1
>>> d2 + td
datetime.date(2003, 12, 12)
>>> exit()
(python-lessons) ~/Src/python-lessons/lesson-2[master]$ python
Python 3.6.4 (default, Dec 21 2017, 20:33:21)
[GCC 4.2.1 Compatible Apple LLVM 9.0.0 (clang-900.0.38)] on darwin
Type "help", "copyright", "credits" or "license" for more information.
>>> with open('date.py') as f:
...     print(f.read())
...
MONTHS_LENGTH = {
    1: 31,
    2: 28,
    3: 31,
    4: 30,
    5: 31,
    # ...
}


ROME_MONTHS = {
    1: 'I',
    2: 'II',
    3: 'III',
    4: 'IV',
    5: 'V',
    # ...
}


MONTHS_NAMES = {
    1: 'jan',
    2: 'feb',
    3: 'mar',
    4: 'apr',
    # ...
}

class Date:
    def __init__(self, day, month, year):
        # day - число, двузначное, 01-31
        # month - число, двузначное, 01-12
        # year - число целое

        # TODO: обрабатывать високосный год

        if month > 12 or month < 1:
            raise ValueError("Incorrect month")

        days_in_month = MONTHS_LENGTH[month]

        if day > days_in_month or day < 1:
            raise ValueError("Incorrect day")

        self.year = year
        self.month = month
        self.day = day

    def get_rome_month(self):
        return ROME_MONTHS[self.month]

    def get_month_name(self):
        return MONTHS_NAMES[self.month]

    def is_ac(self):
        return self.year > 0

    def parse(self):
        pass

    def user_format(self):
        # 1 jan 1999 BC
        value = ""

        value += str(self.day)
        value += " "

        value += self.get_month_name()
        value += " "

        value += str(self.year)
        value += " "

        if self.is_ac():
            value += "AC"
        else:
            value += "BC"

        return value


d1 = Date(1, 1, 12)
print(d1.get_rome_month())
d2 = Date(2, 1, 12)

# 1999-01-01 BC

# 2018-06-23 AC
>>> with open('date.py') as f:
...     my_date_content = f.read()
...
>>> len(my_date_content)
1458
>>> 'Date' in my_date_content
True
>>> 'Time' in my_date_content
False
>>> with open('date2.py', 'w') as f:
...     f.write(my_date_content)
...
1458
>>> var = 'hello'
>>> var = 'hello'.lower()
>>> 'hello'.lower()
'hello'
>>> 'hello' .lower()
'hello'
>>> 'hello' \
... .lower()
'hello'
>>> var = 'Hello \
... world'
>>> var
'Hello world'
>>> var = 'Hello\
... world'
>>> var
'Helloworld'
>>> import re
>>> exit()
(python-lessons) ~/Src/python-lessons/lesson-2[master]$ ls
README.md      date.py        homework       lesson.pdf     python.png
__pycache__    hello_world.py lesson.md      pycharm.jpg
(python-lessons) ~/Src/python-lessons/lesson-2[master]$ ls -1
README.md
__pycache__
date.py
hello_world.py
homework
lesson.md
lesson.pdf
pycharm.jpg
python.png
(python-lessons) ~/Src/python-lessons/lesson-2[master]$ mkdir mymodule
(python-lessons) ~/Src/python-lessons/lesson-2[master]$ ls -1
README.md
__pycache__
date.py
hello_world.py
homework
lesson.md
lesson.pdf
mymodule
pycharm.jpg
python.png
(python-lessons) ~/Src/python-lessons/lesson-2[master]$ cd mymodule/
(python-lessons) ~/Src/python-lessons/lesson-2/mymodule[master]$ ls
(python-lessons) ~/Src/python-lessons/lesson-2/mymodule[master]$ ls
print_hello.py
(python-lessons) ~/Src/python-lessons/lesson-2/mymodule[master]$ cd .
(python-lessons) ~/Src/python-lessons/lesson-2/mymodule[master]$ ls -la
total 8
drwxr-xr-x   3 wronglink  LD\Domain Users   96 Jun 27 19:42 .
drwxr-xr-x  15 wronglink  LD\Domain Users  480 Jun 27 19:41 ..
-rw-r--r--@  1 wronglink  LD\Domain Users   52 Jun 27 19:42 print_hello.py
(python-lessons) ~/Src/python-lessons/lesson-2/mymodule[master]$ ls -1
print_hello.py
(python-lessons) ~/Src/python-lessons/lesson-2/mymodule[master]$ cd ..
(python-lessons) ~/Src/python-lessons/lesson-2[master]$ ls -1
README.md
__pycache__
date.py
hello_world.py
homework
lesson.md
lesson.pdf
mymodule
pycharm.jpg
python.png
(python-lessons) ~/Src/python-lessons/lesson-2[master]$ ls -1 mymodule/
print_hello.py
(python-lessons) ~/Src/python-lessons/lesson-2[master]$ python
Python 3.6.4 (default, Dec 21 2017, 20:33:21)
[GCC 4.2.1 Compatible Apple LLVM 9.0.0 (clang-900.0.38)] on darwin
Type "help", "copyright", "credits" or "license" for more information.
>>> import mymodule
>>> mymodule
<module 'mymodule' (namespace)>
>>> mymodule.print_hello
Traceback (most recent call last):
  File "<stdin>", line 1, in <module>
AttributeError: module 'mymodule' has no attribute 'print_hello'
>>> import mymodule.print_hello
>>> mymodule.print_hello
<module 'mymodule.print_hello' from '/Users/wronglink/Src/python-lessons/lesson-2/mymodule/print_hello.py'>
>>> mymodule.print_hello.hello
'world'
>>> mymodule.print_hello.print_hello
<function print_hello at 0x10082e7b8>
>>> mymodule.print_hello.print_hello()
world
>>> from mymodule.print_hello import print_hello
>>> print_hello()
world
>>> import datetime
>>> datetime.time()
datetime.time(0, 0)
>>> datetime.date()
Traceback (most recent call last):
  File "<stdin>", line 1, in <module>
TypeError: Required argument 'year' (pos 1) not found
>>> datetime.date(2001, 10, 10)
datetime.date(2001, 10, 10)
>>> from datetime import datetime, date
>>> datetime(2007, 10, 10, 10, 10, 30)
datetime.datetime(2007, 10, 10, 10, 10, 30)
>>> exit
Use exit() or Ctrl-D (i.e. EOF) to exit
>>> exit()
(python-lessons) ~/Src/python-lessons/lesson-2[master]$ pip

Usage:
  pip <command> [options]

Commands:
  install                     Install packages.
  download                    Download packages.
  uninstall                   Uninstall packages.
  freeze                      Output installed packages in requirements format.
  list                        List installed packages.
  show                        Show information about installed packages.
  check                       Verify installed packages have compatible dependencies.
  config                      Manage local and global configuration.
  search                      Search PyPI for packages.
  wheel                       Build wheels from your requirements.
  hash                        Compute hashes of package archives.
  completion                  A helper command used for command completion.
  help                        Show help for commands.

General Options:
  -h, --help                  Show help.
  --isolated                  Run pip in an isolated mode, ignoring environment
                              variables and user configuration.
  -v, --verbose               Give more output. Option is additive, and can be
                              used up to 3 times.
  -V, --version               Show version and exit.
  -q, --quiet                 Give less output. Option is additive, and can be
                              used up to 3 times (corresponding to WARNING, ERROR,
                              and CRITICAL logging levels).
  --log <path>                Path to a verbose appending log.
  --proxy <proxy>             Specify a proxy in the form
                              [user:passwd@]proxy.server:port.
  --retries <retries>         Maximum number of retries each connection should
                              attempt (default 5 times).
  --timeout <sec>             Set the socket timeout (default 15 seconds).
  --exists-action <action>    Default action when a path already exists: (s)witch,
                              (i)gnore, (w)ipe, (b)ackup, (a)bort).
  --trusted-host <hostname>   Mark this host as trusted, even though it does not
                              have valid or any HTTPS.
  --cert <path>               Path to alternate CA bundle.
  --client-cert <path>        Path to SSL client certificate, a single file
                              containing the private key and the certificate in
                              PEM format.
  --cache-dir <dir>           Store the cache data in <dir>.
  --no-cache-dir              Disable the cache.
  --disable-pip-version-check
                              Don't periodically check PyPI to determine whether a
                              new version of pip is available for download.
                              Implied with --no-index.
  --no-color                  Suppress colored output
(python-lessons) ~/Src/python-lessons/lesson-2[master]$ pip install ipython
Looking in indexes: https://pypi.org/simple/
Collecting ipython
  Using cached https://pypi.org/repo/default/download/ipython/237429/ipython-6.4.0-py3-none-any.whl
Collecting prompt-toolkit<2.0.0,>=1.0.15 (from ipython)
  Using cached https://pypi.org/repo/default/download/prompt_toolkit/166248/prompt_toolkit-1.0.15-py3-none-any.whl
Collecting backcall (from ipython)
  Using cached https://pypi.org/repo/default/download/backcall/228786/backcall-0.1.0.tar.gz
Collecting traitlets>=4.2 (from ipython)
  Using cached https://pypi.org/repo/default/download/traitlets/131529/traitlets-4.3.2-py2.py3-none-any.whl
Collecting decorator (from ipython)
  Using cached https://pypi.org/repo/default/download/decorator/232749/decorator-4.3.0-py2.py3-none-any.whl
Collecting pickleshare (from ipython)
  Using cached https://pypi.org/repo/default/download/pickleshare/94254/pickleshare-0.7.4-py2.py3-none-any.whl
Collecting simplegeneric>0.8 (from ipython)
  Using cached https://pypi.org/repo/default/download/simplegeneric/33846/simplegeneric-0.8.1.zip
Collecting jedi>=0.10 (from ipython)
  Using cached https://pypi.org/repo/default/download/jedi/232760/jedi-0.12.0-py2.py3-none-any.whl
Requirement already satisfied: setuptools>=18.5 in /Users/wronglink/.virtualenvs/python-lessons/lib/python3.6/site-packages (from ipython) (39.2.0)
Collecting pygments (from ipython)
  Using cached https://pypi.org/repo/default/download/Pygments/124820/Pygments-2.2.0-py2.py3-none-any.whl
Collecting appnope; sys_platform == "darwin" (from ipython)
  Using cached https://pypi.org/repo/default/download/appnope/44269/appnope-0.1.0-py2.py3-none-any.whl
Collecting pexpect; sys_platform != "win32" (from ipython)
  Using cached https://pypi.org/repo/default/download/pexpect/242203/pexpect-4.6.0-py2.py3-none-any.whl
Requirement already satisfied: six>=1.9.0 in /Users/wronglink/.virtualenvs/python-lessons/lib/python3.6/site-packages (from prompt-toolkit<2.0.0,>=1.0.15->ipython) (1.11.0)
Collecting wcwidth (from prompt-toolkit<2.0.0,>=1.0.15->ipython)
  Using cached https://pypi.org/repo/default/download/wcwidth/87859/wcwidth-0.1.7-py2.py3-none-any.whl
Collecting ipython-genutils (from traitlets>=4.2->ipython)
  Using cached https://pypi.org/repo/default/download/ipython_genutils/136861/ipython_genutils-0.2.0-py2.py3-none-any.whl
Collecting parso>=0.2.0 (from jedi>=0.10->ipython)
  Using cached https://pypi.org/repo/default/download/parso/240176/parso-0.2.1-py2.py3-none-any.whl
Collecting ptyprocess>=0.5 (from pexpect; sys_platform != "win32"->ipython)
  Downloading https://pypi.org/repo/default/download/ptyprocess/251919/ptyprocess-0.6.0-py2.py3-none-any.whl
Building wheels for collected packages: backcall, simplegeneric
  Running setup.py bdist_wheel for backcall ... done
  Stored in directory: /Users/wronglink/Library/Caches/pip/wheels/b8/db/48/f21acfa42014eae0b1089ce4452eefd7070e45468a6f5900ed
  Running setup.py bdist_wheel for simplegeneric ... done
  Stored in directory: /Users/wronglink/Library/Caches/pip/wheels/d2/3f/0d/e868203974e0cf5d6eb3b4b71b8196ab98c9115ea4b442467d
Successfully built backcall simplegeneric
Installing collected packages: wcwidth, prompt-toolkit, backcall, decorator, ipython-genutils, traitlets, pickleshare, simplegeneric, parso, jedi, pygments, appnope, ptyprocess, pexpect, ipython
Successfully installed appnope-0.1.0 backcall-0.1.0 decorator-4.3.0 ipython-6.4.0 ipython-genutils-0.2.0 jedi-0.12.0 parso-0.2.1 pexpect-4.6.0 pickleshare-0.7.4 prompt-toolkit-1.0.15 ptyprocess-0.6.0 pygments-2.2.0 simplegeneric-0.8.1 traitlets-4.3.2 wcwidth-0.1.7
(python-lessons) ~/Src/python-lessons/lesson-2[master]$ pip install --help

Usage:
  pip install [options] <requirement specifier> [package-index-options] ...
  pip install [options] -r <requirements file> [package-index-options] ...
  pip install [options] [-e] <vcs project url> ...
  pip install [options] [-e] <local project path> ...
  pip install [options] <archive url/path> ...

Description:
  Install packages from:

  - PyPI (and other indexes) using requirement specifiers.
  - VCS project urls.
  - Local project directories.
  - Local or remote source archives.

  pip also supports installing from "requirements files", which provide
  an easy way to specify a whole environment to be installed.

Install Options:
  -r, --requirement <file>    Install from the given requirements file. This
                              option can be used multiple times.
  -c, --constraint <file>     Constrain versions using the given constraints file.
                              This option can be used multiple times.
  --no-deps                   Don't install package dependencies.
  --pre                       Include pre-release and development versions. By
                              default, pip only finds stable versions.
  -e, --editable <path/url>   Install a project in editable mode (i.e. setuptools
                              "develop mode") from a local project path or a VCS
                              url.
  -t, --target <dir>          Install packages into <dir>. By default this will
                              not replace existing files/folders in <dir>. Use
                              --upgrade to replace existing packages in <dir> with
                              new versions.
  --user                      Install to the Python user install directory for
                              your platform. Typically ~/.local/, or
                              %APPDATA%\Python on Windows. (See the Python
                              documentation for site.USER_BASE for full details.)
  --root <dir>                Install everything relative to this alternate root
                              directory.
  --prefix <dir>              Installation prefix where lib, bin and other top-
                              level folders are placed
  -b, --build <dir>           Directory to unpack packages into and build in. Note
                              that an initial build still takes place in a
                              temporary directory. The location of temporary
                              directories can be controlled by setting the TMPDIR
                              environment variable (TEMP on Windows)
                              appropriately. When passed, build directories are
                              not cleaned in case of failures.
  --src <dir>                 Directory to check out editable projects into. The
                              default in a virtualenv is "<venv path>/src". The
                              default for global installs is "<current dir>/src".
  -U, --upgrade               Upgrade all specified packages to the newest
                              available version. The handling of dependencies
                              depends on the upgrade-strategy used.
  --upgrade-strategy <upgrade_strategy>
                              Determines how dependency upgrading should be
                              handled [default: only-if-needed]. "eager" -
                              dependencies are upgraded regardless of whether the
                              currently installed version satisfies the
                              requirements of the upgraded package(s). "only-if-
                              needed" -  are upgraded only when they do not
                              satisfy the requirements of the upgraded package(s).
  --force-reinstall           Reinstall all packages even if they are already up-
                              to-date.
  -I, --ignore-installed      Ignore the installed packages (reinstalling
                              instead).
  --ignore-requires-python    Ignore the Requires-Python information.
  --no-build-isolation        Disable isolation when building a modern source
                              distribution. Build dependencies specified by PEP
                              518 must be already installed if this option is
                              used.
  --install-option <options>  Extra arguments to be supplied to the setup.py
                              install command (use like --install-option="--
                              install-scripts=/usr/local/bin"). Use multiple
                              --install-option options to pass multiple options to
                              setup.py install. If you are using an option with a
                              directory path, be sure to use absolute path.
  --global-option <options>   Extra global options to be supplied to the setup.py
                              call before the install command.
  --compile                   Compile Python source files to bytecode
  --no-compile                Do not compile Python source files to bytecode
  --no-warn-script-location   Do not warn when installing scripts outside PATH
  --no-warn-conflicts         Do not warn about broken dependencies
  --no-binary <format_control>
                              Do not use binary packages. Can be supplied multiple
                              times, and each time adds to the existing value.
                              Accepts either :all: to disable all binary packages,
                              :none: to empty the set, or one or more package
                              names with commas between them. Note that some
                              packages are tricky to compile and may fail to
                              install when this option is used on them.
  --only-binary <format_control>
                              Do not use source packages. Can be supplied multiple
                              times, and each time adds to the existing value.
                              Accepts either :all: to disable all source packages,
                              :none: to empty the set, or one or more package
                              names with commas between them. Packages without
                              binary distributions will fail to install when this
                              option is used on them.
  --no-clean                  Don't clean up build directories).
  --require-hashes            Require a hash to check each requirement against,
                              for repeatable installs. This option is implied when
                              any package in a requirements file has a --hash
                              option.
  --progress-bar <progress_bar>
                              Specify type of progress to be displayed
                              [off|on|ascii|pretty|emoji] (default: on)

Package Index Options:
  -i, --index-url <url>       Base URL of Python Package Index (default
                              https://pypi.org/simple/). This should
                              point to a repository compliant with PEP 503 (the
                              simple repository API) or a local directory laid out
                              in the same format.
  --extra-index-url <url>     Extra URLs of package indexes to use in addition to
                              --index-url. Should follow the same rules as
                              --index-url.
  --no-index                  Ignore package index (only looking at --find-links
                              URLs instead).
  -f, --find-links <url>      If a url or path to an html file, then parse for
                              links to archives. If a local path or file:// url
                              that's a directory, then look for archives in the
                              directory listing.
  --process-dependency-links  Enable the processing of dependency links.

General Options:
  -h, --help                  Show help.
  --isolated                  Run pip in an isolated mode, ignoring environment
                              variables and user configuration.
  -v, --verbose               Give more output. Option is additive, and can be
                              used up to 3 times.
  -V, --version               Show version and exit.
  -q, --quiet                 Give less output. Option is additive, and can be
                              used up to 3 times (corresponding to WARNING, ERROR,
                              and CRITICAL logging levels).
  --log <path>                Path to a verbose appending log.
  --proxy <proxy>             Specify a proxy in the form
                              [user:passwd@]proxy.server:port.
  --retries <retries>         Maximum number of retries each connection should
                              attempt (default 5 times).
  --timeout <sec>             Set the socket timeout (default 15 seconds).
  --exists-action <action>    Default action when a path already exists: (s)witch,
                              (i)gnore, (w)ipe, (b)ackup, (a)bort).
  --trusted-host <hostname>   Mark this host as trusted, even though it does not
                              have valid or any HTTPS.
  --cert <path>               Path to alternate CA bundle.
  --client-cert <path>        Path to SSL client certificate, a single file
                              containing the private key and the certificate in
                              PEM format.
  --cache-dir <dir>           Store the cache data in <dir>.
  --no-cache-dir              Disable the cache.
  --disable-pip-version-check
                              Don't periodically check PyPI to determine whether a
                              new version of pip is available for download.
                              Implied with --no-index.
  --no-color                  Suppress colored output
(python-lessons) ~/Src/python-lessons/lesson-2[master]$ pip install --upgrade pip
Looking in indexes: https://pypi.org/simple/
Requirement already up-to-date: pip in /Users/wronglink/.virtualenvs/python-lessons/lib/python3.6/site-packages (10.0.1)
(python-lessons) ~/Src/python-lessons/lesson-2[master]$ ipython
Python 3.6.4 (default, Dec 21 2017, 20:33:21)
Type 'copyright', 'credits' or 'license' for more information
IPython 6.4.0 -- An enhanced Interactive Python. Type '?' for help.

In [1]: import datetime

In [2]: datetime.datetime.now()
Out[2]: datetime.datetime(2018, 6, 27, 20, 32, 2, 749822)

In [3]: datetime.datetime()
---------------------------------------------------------------------------
TypeError                                 Traceback (most recent call last)
<ipython-input-3-a34b03d7d181> in <module>()
----> 1 datetime.datetime()

TypeError: Required argument 'year' (pos 1) not found

In [4]: datetime.datetime(1900)
---------------------------------------------------------------------------
TypeError                                 Traceback (most recent call last)
<ipython-input-4-823bce86a642> in <module>()
----> 1 datetime.datetime(1900)

TypeError: Required argument 'month' (pos 2) not found

In [5]: datetime.datetime?
Init signature: datetime.datetime(self, /, *args, **kwargs)
Docstring:
datetime(year, month, day[, hour[, minute[, second[, microsecond[,tzinfo]]]]])

The year, month and day arguments are required. tzinfo may be None, or an
instance of a tzinfo subclass. The remaining arguments may be ints.
File:           /opt/local/Library/Frameworks/Python.framework/Versions/3.6/lib/python3.6/datetime.py
Type:           type

In [6]: import random

In [7]: random.randint?
Signature: random.randint(a, b)
Docstring:
Return random integer in range [a, b], including both end points.

File:      ~/.virtualenvs/python-lessons/lib/python3.6/random.py
Type:      method

In [8]: random.randint(10, 20)
Out[8]: 17

In [9]: random.randint(10, 20)
Out[9]: 15

In [10]: random.randint(10, 20)
Out[10]: 14

In [11]: import request
---------------------------------------------------------------------------
ModuleNotFoundError                       Traceback (most recent call last)
<ipython-input-11-e392607f0c42> in <module>()
----> 1 import request

ModuleNotFoundError: No module named 'request'

In [12]: import requests
---------------------------------------------------------------------------
ModuleNotFoundError                       Traceback (most recent call last)
<ipython-input-12-95039fbd75c1> in <module>()
----> 1 import requests

ModuleNotFoundError: No module named 'requests'

In [13]: exit()
(python-lessons) ~/Src/python-lessons/lesson-2[master]$ pip install requests
Looking in indexes: https://pypi.org/simple/
Collecting requests
  Downloading https://pypi.org/repo/default/download/requests/245844/requests-2.19.1-py2.py3-none-any.whl (91kB)
    100% |████████████████████████████████| 92kB 303kB/s
Collecting urllib3<1.24,>=1.21.1 (from requests)
  Downloading https://pypi.org/repo/default/download/urllib3/243876/urllib3-1.23-py2.py3-none-any.whl (133kB)
    100% |████████████████████████████████| 143kB 389kB/s
Collecting certifi>=2017.4.17 (from requests)
  Using cached https://pypi.org/repo/default/download/certifi/232945/certifi-2018.4.16-py2.py3-none-any.whl
Collecting chardet<3.1.0,>=3.0.2 (from requests)
  Using cached https://pypi.org/repo/default/download/chardet/155658/chardet-3.0.4-py2.py3-none-any.whl
Collecting idna<2.8,>=2.5 (from requests)
  Downloading https://pypi.org/repo/default/download/idna/245018/idna-2.7-py2.py3-none-any.whl (58kB)
    100% |████████████████████████████████| 61kB 10.2MB/s
Installing collected packages: urllib3, certifi, chardet, idna, requests
Successfully installed certifi-2018.4.16 chardet-3.0.4 idna-2.7 requests-2.19.1 urllib3-1.23
(python-lessons) ~/Src/python-lessons/lesson-2[master]$ pip uninstall requests
Uninstalling requests-2.19.1:
  Would remove:
    /Users/wronglink/.virtualenvs/python-lessons/lib/python3.6/site-packages/requests-2.19.1.dist-info/*
    /Users/wronglink/.virtualenvs/python-lessons/lib/python3.6/site-packages/requests/*
Proceed (y/n)? y
  Successfully uninstalled requests-2.19.1
(python-lessons) ~/Src/python-lessons/lesson-2[master]$ pip install requests
Looking in indexes: https://pypi.org/simple/
Collecting requests
  Using cached https://pypi.org/repo/default/download/requests/245844/requests-2.19.1-py2.py3-none-any.whl
Requirement already satisfied: chardet<3.1.0,>=3.0.2 in /Users/wronglink/.virtualenvs/python-lessons/lib/python3.6/site-packages (from requests) (3.0.4)
Requirement already satisfied: urllib3<1.24,>=1.21.1 in /Users/wronglink/.virtualenvs/python-lessons/lib/python3.6/site-packages (from requests) (1.23)
Requirement already satisfied: idna<2.8,>=2.5 in /Users/wronglink/.virtualenvs/python-lessons/lib/python3.6/site-packages (from requests) (2.7)
Requirement already satisfied: certifi>=2017.4.17 in /Users/wronglink/.virtualenvs/python-lessons/lib/python3.6/site-packages (from requests) (2018.4.16)
Installing collected packages: requests
Successfully installed requests-2.19.1
(python-lessons) ~/Src/python-lessons/lesson-2[master]$ ipython
Python 3.6.4 (default, Dec 21 2017, 20:33:21)
Type 'copyright', 'credits' or 'license' for more information
IPython 6.4.0 -- An enhanced Interactive Python. Type '?' for help.

In [1]: import requests

In [2]: requests.get?
Signature: requests.get(url, params=None, **kwargs)
Docstring:
Sends a GET request.

:param url: URL for the new :class:`Request` object.
:param params: (optional) Dictionary or bytes to be sent in the query string for the :class:`Request`.
:param \*\*kwargs: Optional arguments that ``request`` takes.
:return: :class:`Response <Response>` object
:rtype: requests.Response
File:      ~/.virtualenvs/python-lessons/lib/python3.6/site-packages/requests/api.py
Type:      function

In [3]: requests.get('https://ya.ru')
Out[3]: <Response [200]>

In [4]: response = requests.get('https://ya.ru')

In [5]: response.status_code
Out[5]: 200

In [6]: response.text
Out[6]: '<!DOCTYPE html><html class="i-ua_js_no i-ua_css_standart i-ua_browser_unknown i-ua_browser_desktop i-ua_platform_other" lang="ru"><head xmlns:og="http://ogp.me/ns#"><meta http-equiv="X-UA-Compatible" content="IE=edge"><title>Яндекс</title><link rel="shortcut icon" href="//yastatic.net/iconostasis/_/8lFaTHLDzmsEZz-5XaQg9iTWZGE.png"><meta http-equiv=Content-Type content="text/html;charset=UTF-8"><link rel="apple-touch-icon" href="//yastatic.net/iconostasis/_/5mdPq4V7ghRgzBvMkCaTzd2fjYg.png" sizes="76x76"><link rel="apple-touch-icon" href="//yastatic.net/iconostasis/_/s-hGoCQMUosTziuARBks08IUxmc.png" sizes="120x120"><link rel="apple-touch-icon" href="//yastatic.net/iconostasis/_/KnU823iWwj_vrPra7x9aQ-4yjRw.png" sizes="152x152"><link rel="apple-touch-icon" href="//yastatic.net/iconostasis/_/wT9gfGZZ80sP0VsoR6dgDyXJf2Y.png" sizes="180x180"><link rel="alternate" type="application/rss+xml" title="Новости Яндекса" href="https://yandex.ru/company/press_releases/news.rss"><link rel="alternate" type="application/rss+xml" title="Блог Яндекса" href="https://yandex.ru/blog/company/rss"><link rel="search" href="//yandex.ru/opensearch.xml" title="Яндекс" type="application/opensearchdescription+xml"><meta name="description" content="Яндекс — облегчённая версия. Поисковая строка, почтовый ящик и быстрый переход к сервисам Яндекса"><meta property="og:title" content="Яндекс"><meta property="og:type" content="website"><meta property="og:image" content="//yastatic.net/morda-logo/i/share-logo-ru.png"><meta property="og:site_name" content="Яндекс"><meta property="og:locale" content="ru_RU"><meta property="og:description" content="Найдётся всё"><script>!function(){var e="BEM|pl|AwapsJsonAPI|getcss|\\\\$|Lego",n=["property \'items\' of undefined","NS_ERROR","Error loading script",new RegExp("Undefined variable: ("+e+")"),new RegExp("("+e+") is not defined"),/fc_getErrors|fc_read|fc_write/],i=0,t=function(e,t,r,s,o){var a,c,f=o&&o.stack,d="clienterror";if(e){if("string"!=typeof e)if(e.message)e="event.message: "+e.message;else if(e.msg)e="event.msg: "+e.msg;else if(e.stack)e="event.stack: "+e.stack;else{if(!e.src)return;e="event.src: "+e.src}for(c=0;c<n.length;++c)if("[object RegExp]"===Object.prototype.toString.call(n[c])){if(n[c].test(e))return}else if(e.indexOf(n[c])>-1)return;if(!(e.indexOf("TypeError: undefined is not a function")>-1&&t&&"undefined"===String(t)||t&&t.indexOf("suggest-ya.cgi")>-1||f&&f.indexOf("__flash__removeCallback")>-1||(n.push(e),++i>=10))){var l={},g=[];if(e.indexOf("Script error")>-1)d="scripterror",a=encodeURIComponent("[unknown][client_logger]");else{t&&"undefined"!==String(t)&&(l.file=t),r&&(l.line=r),s&&(l.column=s),f&&(l.stack=f.split("\\n").slice(1).join("->"));for(c in l)l.hasOwnProperty(c)&&g.push(c+":"+l[c]);a=encodeURIComponent(e)+"&trace="+encodeURIComponent(g.join(":").replace(/\\s+/g," "))}a&&((new Image).src="/instant/log?type="+d+"&showid=1530114438.91265.22864.13477&message="+a)}}};window.onerror=t,"Promise"in window&&"addEventListener"in window&&window.addEventListener("unhandledrejection",function(e){var n=e.reason;if(n)if(n.stack&&n.message)t("Unhandled rejection: "+n.message,null,null,null,n);else{var i=String(n);if("[object Event]"===i)i="event.type: "+n.type+(n.message?" event.message: "+n.message:"");else if("[object Object]"===i)try{i=JSON.stringify(n)}catch(r){i="unknown object"}t("Unhandled rejection: "+i)}})}();</script><script>!function(i,t){function e(){Ya.Rum.vsChanged=!0,document.removeEventListener("visibilitychange",e)}if(i.Ya=i.Ya||{},Ya.Rum)throw new Error("Rum: interface is already defined");var n=i.performance,s=n&&n.timing&&n.timing.navigationStart||Ya.startPageLoad||+new Date,a=i.requestAnimationFrame;Ya.Rum={enabled:!!n,vsStart:document.visibilityState,vsChanged:!1,_defTimes:[],_defRes:[],_deltaMarks:{},_settings:{},_vars:{},init:function(i,t){this._settings=i,this._vars=t},getTime:n&&n.now?function(){return n.now()}:function(){return Date.now()-s},time:function(i){this._deltaMarks[i]=[this.getTime()]},timeEnd:function(i){var t=this._deltaMarks[i];t&&0!==t.length&&t.push(this.getTime())},sendTimeMark:function(i,t,e,n){void 0===t&&(t=this.getTime()),this._defTimes.push([i,t,n]),this.mark(i,t)},sendResTiming:function(i,t){this._defRes.push([i,t])},sendRaf:function(i){if(a&&!this.isVisibilityChanged()){var t=this,e="2616."+i;a(function(){t.isVisibilityChanged()||(t.sendTimeMark(e+".205"),a(function(){t.isVisibilityChanged()||t.sendTimeMark(e+".1928")}))})}},isVisibilityChanged:function(){return this.vsStart&&("visible"!==this.vsStart||this.vsChanged)},mark:n&&n.mark?function(i,t){n.mark(i+(t?": "+t:""))}:function(){}},Date.now||(Ya.Rum.getTime=function(){return new Date-s}),document.addEventListener&&document.addEventListener("visibilitychange",e)}(window);\n!function(){"use strict";Ya.Rum.observeDOMNode=window.IntersectionObserver?function(e,n,t){function o(){var r="string"==typeof n?document.querySelector(n):n;r?new IntersectionObserver(function(n,t){Ya.Rum.sendTimeMark(e),t.unobserve(r)},t).observe(r):setTimeout(o,100)}o()}:function(){}}();\n!function(){"use strict";if(window.PerformanceLongTaskTiming){var e=Ya.Rum._tti={events:[],observer:new PerformanceObserver(function(n){e.events=e.events.concat(n.getEntries()),e.events.length>100&&e.events.shift()})};e.observer.observe({entryTypes:["longtask"]})}}();\nYa.Rum.init({"beacon":true,"reqid":"1530114438.91265.22864.13477","slots":["63208,0,15"],"clck":"https://yandex.ru/clck/click"},{"143":"28.15.523","287":"213","1961":1,"1964":0,"1965":0});Ya.Rum.observeDOMNode(\'2876\',\'form.search2\')</script><link rel="stylesheet" href="//yastatic.net/www/_/M/Y/r4A29xB_gchp8jny-3XDWY0_4.css"><script>function Detector(){"use strict";var e=document.documentElement;return{isPlaceholderSupported:function(){return"placeholder"in document.createElement("input")},getCSS3TransformProperty:function(){for(var e=document.documentElement.style,t=["transform","MozTransform","MsTransform","msTransform","WebkitTransform","OTransform"],n="",i=0,r=t.length;r>i;++i)if(void 0!==e[t[i]]){n=t[i];break}return this.getCSS3TransformProperty=function(){return n},n},checkDataURLSupport:function(e){var t=new Image;t.onload=t.onerror=function(){e(1===this.width&&1===this.height)},t.src="data:image/gif;base64,R0lGODlhAQABAIAAAAAAAP///ywAAAAAAQABAAACAUwAOw=="},isActivexEnabled:function(){var e=!1;try{e=!!new window.ActiveXObject("htmlfile")}catch(t){e=!1}return e},isWin64:function(){return window.navigator&&"Win64"===window.navigator.platform},isFullScreen:function(){return window.innerWidth&&window.screen&&window.screen.width&&window.screen.height&&window.innerHeight&&window.innerWidth===screen.width&&window.innerHeight===screen.height},isIEMetroMode:function(){return this.isFullScreen()&&this.isWin64()&&!this.isActivexEnabled()},isSVGSupported:function(){if("opera"in window)return!1;var e=document.createElement("svg");return e.innerHTML="<svg/>",e.firstChild&&"http://www.w3.org/2000/svg"===e.firstChild.namespaceURI},isAnimationSupported:function(){if("opera"in window)return!1;for(var e=document.documentElement.style,t=["animationName","webkitAnimationName"],n=0,i=t.length;i>n;n++)if(void 0!==e[t[n]])return!0},getUserFontSize:function(){var t,n,i=[],r=16,o="i-ua_user-font-size_",a=document.createElement("div");return a.style.height="1em",e.appendChild(a),t=parseInt(a.offsetHeight),e.removeChild(a),n=t===r?"normal":r>t?"small":"large",i.push(o+n),i.push(o+t+"px"),i.join(" ")},isRetina:function(){var e="devicePixelRatio"in window?window.devicePixelRatio:1;return e>=1.25}}}function MyMap(){this.rules={},this.rulesData=[]}MyMap.prototype={add:function(e){return e=e||null,e&&!this.rules[e]&&(this.rulesData.push(e),this.rules[e]=this.rulesData.length-1),this},get:function(e){var t=this.rules[e];return t&&this.rulesData[t]||null},getAll:function(){return this.rulesData.join(" ")}};var detector=new Detector;!function(){var e,t=new MyMap;t.add("js").add("i-ua_placeholder_"+(detector.isPlaceholderSupported()?"yes":"no")).add(detector.isIEMetroMode()&&"m-ie10-metro").add(detector.isSVGSupported()?"i-ua_inlinesvg_yes m-svg":"i-ua_inlinesvg_no no-data-url").add(detector.isAnimationSupported()&&"i-ua_animation_yes").add(this.device&&"m-touch").add(detector.getUserFontSize()).add("i-ua_retina_"+(detector.isRetina()?"yes":"no")),detector.checkDataURLSupport(function(e){e||(document.documentElement.className+=" no-data-url")}),this.document&&this.document.documentElement&&(e=this.document.documentElement,e.className=e.className.replace("i-ua_js_no","i-ua_js_yes")+" "+t.getAll())}();</script></head><body class="b-page css3-transition-off"><table class="b-table layout__table"><tr class="b-table__row layout__header"><td class="b-table__cell layout__header-cell"><div class="personal i-bem" data-bem="{&quot;personal&quot;:{&quot;authUrl&quot;:&quot;https://yandex.ru/data/mail.js?yaru=y&quot;,&quot;retpath&quot;:&quot;https%3A%2F%2Fya.ru&quot;,&quot;stat&quot;:0}}"><a href="https://mail.yandex.ru" class="link_black_novisit link b-inline link_logout" tabindex="3"><div class="b-inline">Войти&nbsp;в&nbsp;почту</div></a></div></td></tr><tr class="b-table__row layout__search"><td class="b-table__cell"><form class="search2 suggest2-form suggest2-form__node suggest2-counter i-bem" action="https://yandex.ru/search/" role="search" aria-label="Поиск в интернете" data-bem="{&quot;suggest2-form&quot;:{},&quot;suggest2-counter&quot;:{&quot;service&quot;:&quot;morda_ru_desktop&quot;,&quot;host&quot;:&quot;//yandex.ru/clck&quot;,&quot;path&quot;:&quot;jclck&quot;,&quot;submitBySelect&quot;:true,&quot;preventSubmit&quot;:true,&quot;suggestReqID&quot;:true,&quot;params&quot;:{&quot;dtype&quot;:&quot;stred&quot;,&quot;pid&quot;:&quot;0&quot;,&quot;cid&quot;:&quot;2873&quot;}},&quot;search2&quot;:{&quot;cleanOnSubmit&quot;:false,&quot;nl&quot;:true}}"><input type="hidden" name="msid" value="1530114438.91265.22864.13477"/><div class="search2__input"><span class="input suggest2-form__input input_size_xl input_theme_websearch input_search2-clear-hide_yes input_autofocus_capture input_clear_yes i-bem" data-bem="{&quot;input&quot;:{&quot;live&quot;:false,&quot;autoFocus&quot;:true}}"><span class="input__box"><span class="input__clear" unselectable="on">&nbsp;</span><input class="input__control input__input" tabindex="2" autocomplete="off" autocorrect="off" autocapitalize="off" spellcheck="false" aria-autocomplete="list" aria-label="Запрос" id="text" maxlength="400" name="text"/></span></span></div><div class="search2__button"><button class="button suggest2-form__button button_theme_websearch button_size_xl i-bem" data-bem="{&quot;button&quot;:{}}" tabindex="-1" role="button" type="submit"><span class="button__text">Найти</span></button></div><div class="i-bem popup suggest2 suggest2_theme_transparent suggest2_size_m suggest2_adaptive_yes suggest2_type_advanced suggest2_ahead_yes popup_adaptive_yes popup_animate_no popup_autoclosable_yes popup_theme_ffffff" data-bem="{&quot;popup&quot;:{&quot;directions&quot;:&quot;bottom-left&quot;},&quot;suggest2&quot;:{&quot;url&quot;:&quot;//suggest.yandex.ru/suggest-ya.cgi?srv=morda_ru_desktop&amp;wiz=TrWth&amp;uil=ru&amp;fact=1&amp;v=4&amp;icon=1&amp;lr=213&amp;hl=1&amp;bemjson=1&amp;html=1&amp;yu=6517637961530114438&amp;sn=5&quot;,&quot;onFocus&quot;:&quot;show&quot;,&quot;aheadFromServer&quot;:true,&quot;submitBySelect&quot;:true,&quot;requestOnEmptyInput&quot;:false},&quot;suggest2-detect&quot;:{}}"><div class="popup__under"></div><div class="popup__content"> </div></div></form></td></tr><tr class="b-table__row layout__footer"><td class="b-table__cell"><a href="//yandex.ru" class="link layout__footer-logo" tabindex="6" title="Яндекс"></a></td></tr></table><script>window.home=window.home||{};window.home[\'export\']={"common":{"click-href":"https://yandex.ru/clck/"},"statlog":{"config":{"statRoot":"","showId":"1530114438.91265.22864.13477","enabled":false,"redirHost":"https://yandex.ru/clck/","clckDemonHost":"https://yandex.ru/clck/","useBeacon":0}},"timing":{"reqid":"1530114438.91265.22864.13477","exp":"63208,0,15","page":"28.15.523"},"service-worker":{"mode":"off","url":"/portal/service-worker/white/_yaru.js"}};home.dataCallbacks&&home.dataCallbacks.forEach(function(callback){callback();});</script><script src="//yastatic.net/jquery/1.8.3/jquery.min.js" crossorigin="anonymous"></script><script src="//yastatic.net/www/_/J/f/-Rr-jluZTRNfwhHsshpbEmV4o.js" crossorigin="anonymous"></script><script>BEM.DOM.scope=$(\'body\');Lego.init({"locale":"ru","msid":"1530114438.91265.22864.13477","jsMdaUrl":"https://yandex.ru/portal/set/any/?sk=y0b40d16026e03356c5e50afb69b3dbd8&mda=0&empty=1","click-host":"yandex.ru/clck","statRoot":"","retpath":"https://mail.yandex.ru"});BEM.channel(\'i-bem\').trigger(\'start-init\');BEM.DOM.init(function() {BEM.channel(\'i-bem\').trigger(\'init\');});</script><script type="text/javascript">!function(e){"use strict";function t(){document.getElementsByTagName("head")[0].appendChild(n)}var a=function(){try{for(var t=[{"id":723233,"trackLinks":true,"experiments":"Uumvl8mtnHRrIQ_DOwkXRw"}],a=0;a<t.length;a++){var n=t[a],r=e["yaCounter"+n.id]=new Ya.Metrika(n);a||(e.defaultMetrikaCounter=r)}}catch(o){}},n=document.createElement("script"),r={"src":"https://mc.yandex.ru/metrika/watch.js"};n.onload=a;for(var o in r)r.hasOwnProperty(o)&&n.setAttribute(o,r[o]);e.home&&e.home.loadManager?e.home.loadManager.subscribe("jquery",function(){$(t)}):setTimeout(t,0)}(window);</script><noscript><img class="image a11y-hidden" src="https://mc.yandex.ru/watch/723233"/></noscript><i class="a11y-hidden" style="background:url(//www.tns-counter.ru/V13a****yandex_ru/ru/CP1251/tmsec=yandex_ya/0)"></i><!--noindex--><div style="display:none" class="page-info">{&quot;static&quot;:&quot;2.1707&quot;,&quot;content&quot;:&quot;yaru&quot;,&quot;domain&quot;:&quot;ru&quot;}</div><!--/noindex--><!--f30.wfront.yandex.net--></body></html>'

In [7]: response.text.count('Яндекс')
Out[7]: 9

In [8]: response.text.count('Google')
Out[8]: 0

In [9]: response = requests.get('https://google.com')

In [10]: response.status_code
Out[10]: 200

In [11]: response.text.count('Яндекс')
Out[11]: 0

In [12]: response.text.count('Google')
Out[12]: 10

In [13]: exit()
(python-lessons) ~/Src/python-lessons/lesson-2[master]$ ls -1
README.md
__pycache__
date.py
hello_world.py
homework
lesson.md
lesson.pdf
mymodule
pycharm.jpg
python.png
(python-lessons) ~/Src/python-lessons/lesson-2[master]$ ls -1 homework/
__pycache__
pony.txt
tests.py
(python-lessons) ~/Src/python-lessons/lesson-2[master]$ pip install pytest
Looking in indexes: https://pypi.org/simple/
Requirement already satisfied: pytest in /Users/wronglink/.virtualenvs/python-lessons/lib/python3.6/site-packages (3.6.1)
Requirement already satisfied: pluggy<0.7,>=0.5 in /Users/wronglink/.virtualenvs/python-lessons/lib/python3.6/site-packages (from pytest) (0.6.0)
Requirement already satisfied: setuptools in /Users/wronglink/.virtualenvs/python-lessons/lib/python3.6/site-packages (from pytest) (39.2.0)
Requirement already satisfied: py>=1.5.0 in /Users/wronglink/.virtualenvs/python-lessons/lib/python3.6/site-packages (from pytest) (1.5.3)
Requirement already satisfied: attrs>=17.4.0 in /Users/wronglink/.virtualenvs/python-lessons/lib/python3.6/site-packages (from pytest) (18.1.0)
Requirement already satisfied: six>=1.10.0 in /Users/wronglink/.virtualenvs/python-lessons/lib/python3.6/site-packages (from pytest) (1.11.0)
Requirement already satisfied: atomicwrites>=1.0 in /Users/wronglink/.virtualenvs/python-lessons/lib/python3.6/site-packages (from pytest) (1.1.5)
Requirement already satisfied: more-itertools>=4.0.0 in /Users/wronglink/.virtualenvs/python-lessons/lib/python3.6/site-packages (from pytest) (4.2.0)